[backblue.gif]
[fade.gif]
[index.html]
[cdn.jsdelivr.net/bootstrap/3.3.7/css/bootstrap.css]
[www.fimcp.espol.edu.ec/sites/fimcp.espol.edu.ec/files/google_tag/language/google_tag.es.script6b37.js]
[www.fimcp.espol.edu.ec/sites/all/modules/jquery_update/replace/jquery/1.9/jquery.min4b17.js]
[www.fimcp.espol.edu.ec/sites/all/modules/jquery_update/replace/ui/external/jquery.cookie1683.js]
[www.fimcp.espol.edu.ec/sites/fimcp.espol.edu.ec/files/languages/es_XfbYrWqOxjgKD3VZBIfDqqVChqBiMl7MCRCHhvhzAlc6b37.js]
[www.fimcp.espol.edu.ec/sites/all/modules/themekey/themekey_redirect/themekey_redirect6b37.js]
[www.fimcp.espol.edu.ec/sites/all/modules/google_analytics/googleanalytics6b37.js]
[www.google-analytics.com/analytics.js]
[www.fimcp.espol.edu.ec/sites/all/themes/testfimcp/js/jquery.smartmenus6b37.js]
[cdn.jsdelivr.net/bootstrap/3.3.7/js/bootstrap.js]
[www.fimcp.espol.edu.ec/sites/all/themes/testfimcp/js/jquery.smartmenus.bootstrap6b37.js]
[www.fimcp.espol.edu.ec/sites/all/themes/testfimcp/js/fimcp6b37.js]
[connect.facebook.net/en_US/fbevents.js]
[www.fimcp.espol.edu.ec/sites/all/themes/testfimcp/fimcp.png]
[www.fimcp.espol.edu.ec/sites/fimcp.espol.edu.ec/files/imagenes_banner/Mecatrónica-New.jpg]
[www.fimcp.espol.edu.ec/sites/fimcp.espol.edu.ec/files/Postgrados_gif.png]
[www.fimcp.espol.edu.ec/sites/fimcp.espol.edu.ec/files/en.gif]
[www.fimcp.espol.edu.ec/sites/fimcp.espol.edu.ec/files/redes-sociales/iconredes-07.png]
[www.fimcp.espol.edu.ec/sites/fimcp.espol.edu.ec/files/redes-sociales/iconredes-08.png]
[www.fimcp.espol.edu.ec/sites/fimcp.espol.edu.ec/files/redes-12.png]
[www.fimcp.espol.edu.ec/sites/fimcp.espol.edu.ec/files/redes-sociales/redes-13.png]
[www.fimcp.espol.edu.ec/sites/all/themes/bootstrap/js/bootstrap6b37.js]
[www.fimcp.espol.edu.ec/es/Pregrado/Ingenieria-Mecatronica.html]
[www.fimcp.espol.edu.ec/sites/all/modules/counter/counter6b37.css]
[www.fimcp.espol.edu.ec/sites/all/modules/youtube/css/youtube6b37.css]
[www.fimcp.espol.edu.ec/sites/all/modules/views/css/views6b37.css]
[www.fimcp.espol.edu.ec/sites/all/modules/ckeditor/css/ckeditor6b37.css]
[www.fimcp.espol.edu.ec/sites/all/modules/ctools/images/status-active.gif]
[www.fimcp.espol.edu.ec/sites/all/modules/ctools/css/ctools6b37.css]
[cdn.jsdelivr.net/bootstrap/3.3.7/css/bootstrap.css]
[www.fimcp.espol.edu.ec/sites/all/themes/bootstrap/css/3.3.7/overrides.min6b37.css]
[www.fimcp.espol.edu.ec/sites/all/themes/testfimcp/css/CORBEL.TTF]
[www.fimcp.espol.edu.ec/sites/all/themes/testfimcp/images/espanol.png]
[www.fimcp.espol.edu.ec/sites/all/themes/testfimcp/images/espanolrollover.png]
[www.fimcp.espol.edu.ec/sites/all/themes/testfimcp/images/ingles.png]
[www.fimcp.espol.edu.ec/sites/all/themes/testfimcp/images/ingles-rollover.png]
[www.fimcp.espol.edu.ec/sites/all/themes/testfimcp/css/fimcp6b37.css]
[www.fimcp.espol.edu.ec/sites/all/themes/testfimcp/css/jquery.smartmenus.bootstrap6b37.css]
[connect.facebook.net/en_US/fbevents.js]
[www.fimcp.espol.edu.ec/es/Pregrado/Ingenieria-Mecatronica/Datos-Estudiantiles.html]
[www.fimcp.espol.edu.ec/es/Pregrado/c.html]
[www.fimcp.espol.edu.ec/es/Pregrado/b.html]
[www.fimcp.espol.edu.ec/es/Pregrado/POST.html]
